This is pdfTeX, Version 3.141592653-2.6-1.40.25 (MiKTeX 24.1) (preloaded format=pdflatex 2025.10.17)  17 OCT 2025 17:04
entering extended mode
 restricted \write18 enabled.
 %&-line parsing enabled.
**./midsem_report.tex
(midsem_report.tex
LaTeX2e <2023-11-01> patch level 1
L3 programming layer <2024-01-04>
(C:\Users\Lenovo\AppData\Local\Programs\MiKTeX\tex/latex/base\article.cls
Document Class: article 2023/05/17 v1.4n Standard LaTeX document class
(C:\Users\Lenovo\AppData\Local\Programs\MiKTeX\tex/latex/base\size12.clo
File: size12.clo 2023/05/17 v1.4n Standard LaTeX file (size option)
)
\c@part=\count187
\c@section=\count188
\c@subsection=\count189
\c@subsubsection=\count190
\c@paragraph=\count191
\c@subparagraph=\count192
\c@figure=\count193
\c@table=\count194
\abovecaptionskip=\skip48
\belowcaptionskip=\skip49
\bibindent=\dimen140
)
(C:\Users\Lenovo\AppData\Local\Programs\MiKTeX\tex/latex/graphics\graphicx.sty
Package: graphicx 2021/09/16 v1.2d Enhanced LaTeX Graphics (DPC,SPQR)

(C:\Users\Lenovo\AppData\Local\Programs\MiKTeX\tex/latex/graphics\keyval.sty
Package: keyval 2022/05/29 v1.15 key=value parser (DPC)
\KV@toks@=\toks17
)
(C:\Users\Lenovo\AppData\Local\Programs\MiKTeX\tex/latex/graphics\graphics.sty
Package: graphics 2022/03/10 v1.4e Standard LaTeX Graphics (DPC,SPQR)

(C:\Users\Lenovo\AppData\Local\Programs\MiKTeX\tex/latex/graphics\trig.sty
Package: trig 2021/08/11 v1.11 sin cos tan (DPC)
)
(C:\Users\Lenovo\AppData\Local\Programs\MiKTeX\tex/latex/graphics-cfg\graphics.
cfg
File: graphics.cfg 2016/06/04 v1.11 sample graphics configuration
)
Package graphics Info: Driver file: pdftex.def on input line 107.

(C:\Users\Lenovo\AppData\Local\Programs\MiKTeX\tex/latex/graphics-def\pdftex.de
f
File: pdftex.def 2022/09/22 v1.2b Graphics/color driver for pdftex
))
\Gin@req@height=\dimen141
\Gin@req@width=\dimen142
)
(C:\Users\Lenovo\AppData\Local\Programs\MiKTeX\tex/latex/amsmath\amsmath.sty
Package: amsmath 2023/05/13 v2.17o AMS math features
\@mathmargin=\skip50

For additional information on amsmath, use the `?' option.
(C:\Users\Lenovo\AppData\Local\Programs\MiKTeX\tex/latex/amsmath\amstext.sty
Package: amstext 2021/08/26 v2.01 AMS text

(C:\Users\Lenovo\AppData\Local\Programs\MiKTeX\tex/latex/amsmath\amsgen.sty
File: amsgen.sty 1999/11/30 v2.0 generic functions
\@emptytoks=\toks18
\ex@=\dimen143
))
(C:\Users\Lenovo\AppData\Local\Programs\MiKTeX\tex/latex/amsmath\amsbsy.sty
Package: amsbsy 1999/11/29 v1.2d Bold Symbols
\pmbraise@=\dimen144
)
(C:\Users\Lenovo\AppData\Local\Programs\MiKTeX\tex/latex/amsmath\amsopn.sty
Package: amsopn 2022/04/08 v2.04 operator names
)
\inf@bad=\count195
LaTeX Info: Redefining \frac on input line 234.
\uproot@=\count196
\leftroot@=\count197
LaTeX Info: Redefining \overline on input line 399.
LaTeX Info: Redefining \colon on input line 410.
\classnum@=\count198
\DOTSCASE@=\count199
LaTeX Info: Redefining \ldots on input line 496.
LaTeX Info: Redefining \dots on input line 499.
LaTeX Info: Redefining \cdots on input line 620.
\Mathstrutbox@=\box51
\strutbox@=\box52
LaTeX Info: Redefining \big on input line 722.
LaTeX Info: Redefining \Big on input line 723.
LaTeX Info: Redefining \bigg on input line 724.
LaTeX Info: Redefining \Bigg on input line 725.
\big@size=\dimen145
LaTeX Font Info:    Redeclaring font encoding OML on input line 743.
LaTeX Font Info:    Redeclaring font encoding OMS on input line 744.
\macc@depth=\count266
LaTeX Info: Redefining \bmod on input line 905.
LaTeX Info: Redefining \pmod on input line 910.
LaTeX Info: Redefining \smash on input line 940.
LaTeX Info: Redefining \relbar on input line 970.
LaTeX Info: Redefining \Relbar on input line 971.
\c@MaxMatrixCols=\count267
\dotsspace@=\muskip16
\c@parentequation=\count268
\dspbrk@lvl=\count269
\tag@help=\toks19
\row@=\count270
\column@=\count271
\maxfields@=\count272
\andhelp@=\toks20
\eqnshift@=\dimen146
\alignsep@=\dimen147
\tagshift@=\dimen148
\tagwidth@=\dimen149
\totwidth@=\dimen150
\lineht@=\dimen151
\@envbody=\toks21
\multlinegap=\skip51
\multlinetaggap=\skip52
\mathdisplay@stack=\toks22
LaTeX Info: Redefining \[ on input line 2953.
LaTeX Info: Redefining \] on input line 2954.
)
(C:\Users\Lenovo\AppData\Local\Programs\MiKTeX\tex/latex/amsfonts\amssymb.sty
Package: amssymb 2013/01/14 v3.01 AMS font symbols

(C:\Users\Lenovo\AppData\Local\Programs\MiKTeX\tex/latex/amsfonts\amsfonts.sty
Package: amsfonts 2013/01/14 v3.01 Basic AMSFonts support
\symAMSa=\mathgroup4
\symAMSb=\mathgroup5
LaTeX Font Info:    Redeclaring math symbol \hbar on input line 98.
LaTeX Font Info:    Overwriting math alphabet `\mathfrak' in version `bold'
(Font)                  U/euf/m/n --> U/euf/b/n on input line 106.
))
(C:\Users\Lenovo\AppData\Local\Programs\MiKTeX\tex/latex/booktabs\booktabs.sty
Package: booktabs 2020/01/12 v1.61803398 Publication quality tables
\heavyrulewidth=\dimen152
\lightrulewidth=\dimen153
\cmidrulewidth=\dimen154
\belowrulesep=\dimen155
\belowbottomsep=\dimen156
\aboverulesep=\dimen157
\abovetopsep=\dimen158
\cmidrulesep=\dimen159
\cmidrulekern=\dimen160
\defaultaddspace=\dimen161
\@cmidla=\count273
\@cmidlb=\count274
\@aboverulesep=\dimen162
\@belowrulesep=\dimen163
\@thisruleclass=\count275
\@lastruleclass=\count276
\@thisrulewidth=\dimen164
) (C:\Users\Lenovo\AppData\Local\Programs\MiKTeX\tex/latex/hyperref\hyperref.st
y
Package: hyperref 2023-11-26 v7.01g Hypertext links for LaTeX
(C:\Users\Lenovo\AppData\Local\Programs\MiKTeX\tex/generic/iftex\iftex.sty
Package: iftex 2022/02/03 v1.0f TeX engine tests
)
(C:\Users\Lenovo\AppData\Local\Programs\MiKTeX\tex/generic/infwarerr\infwarerr.
sty
Package: infwarerr 2019/12/03 v1.5 Providing info/warning/error messages (HO)
)
(C:\Users\Lenovo\AppData\Local\Programs\MiKTeX\tex/latex/kvsetkeys\kvsetkeys.st
y
Package: kvsetkeys 2022-10-05 v1.19 Key value parser (HO)
)
(C:\Users\Lenovo\AppData\Local\Programs\MiKTeX\tex/generic/kvdefinekeys\kvdefin
ekeys.sty
Package: kvdefinekeys 2019-12-19 v1.6 Define keys (HO)
)
(C:\Users\Lenovo\AppData\Local\Programs\MiKTeX\tex/generic/pdfescape\pdfescape.
sty
Package: pdfescape 2019/12/09 v1.15 Implements pdfTeX's escape features (HO)

(C:\Users\Lenovo\AppData\Local\Programs\MiKTeX\tex/generic/ltxcmds\ltxcmds.sty
Package: ltxcmds 2023-12-04 v1.26 LaTeX kernel commands for general use (HO)
)
(C:\Users\Lenovo\AppData\Local\Programs\MiKTeX\tex/generic/pdftexcmds\pdftexcmd
s.sty
Package: pdftexcmds 2020-06-27 v0.33 Utility functions of pdfTeX for LuaTeX (HO
)
Package pdftexcmds Info: \pdf@primitive is available.
Package pdftexcmds Info: \pdf@ifprimitive is available.
Package pdftexcmds Info: \pdfdraftmode found.
))
(C:\Users\Lenovo\AppData\Local\Programs\MiKTeX\tex/latex/hycolor\hycolor.sty
Package: hycolor 2020-01-27 v1.10 Color options for hyperref/bookmark (HO)
)
(C:\Users\Lenovo\AppData\Local\Programs\MiKTeX\tex/latex/letltxmacro\letltxmacr
o.sty
Package: letltxmacro 2019/12/03 v1.6 Let assignment for LaTeX macros (HO)
)
(C:\Users\Lenovo\AppData\Local\Programs\MiKTeX\tex/latex/auxhook\auxhook.sty
Package: auxhook 2019-12-17 v1.6 Hooks for auxiliary files (HO)
)
(C:\Users\Lenovo\AppData\Local\Programs\MiKTeX\tex/latex/hyperref\nameref.sty
Package: nameref 2023-11-26 v2.56 Cross-referencing by name of section

(C:\Users\Lenovo\AppData\Local\Programs\MiKTeX\tex/latex/refcount\refcount.sty
Package: refcount 2019/12/15 v3.6 Data extraction from label references (HO)
)
(C:\Users\Lenovo\AppData\Local\Programs\MiKTeX\tex/generic/gettitlestring\getti
tlestring.sty
Package: gettitlestring 2019/12/15 v1.6 Cleanup title references (HO)

(C:\Users\Lenovo\AppData\Local\Programs\MiKTeX\tex/latex/kvoptions\kvoptions.st
y
Package: kvoptions 2022-06-15 v3.15 Key value format for package options (HO)
))
\c@section@level=\count277
)
(C:\Users\Lenovo\AppData\Local\Programs\MiKTeX\tex/latex/etoolbox\etoolbox.sty
Package: etoolbox 2020/10/05 v2.5k e-TeX tools for LaTeX (JAW)
\etb@tempcnta=\count278
)
\@linkdim=\dimen165
\Hy@linkcounter=\count279
\Hy@pagecounter=\count280
(C:\Users\Lenovo\AppData\Local\Programs\MiKTeX\tex/latex/hyperref\pd1enc.def
File: pd1enc.def 2023-11-26 v7.01g Hyperref: PDFDocEncoding definition (HO)
Now handling font encoding PD1 ...
... no UTF-8 mapping file for font encoding PD1
)
(C:\Users\Lenovo\AppData\Local\Programs\MiKTeX\tex/generic/intcalc\intcalc.sty
Package: intcalc 2019/12/15 v1.3 Expandable calculations with integers (HO)
)
\Hy@SavedSpaceFactor=\count281
(C:\Users\Lenovo\AppData\Local\Programs\MiKTeX\tex/latex/hyperref\puenc.def
File: puenc.def 2023-11-26 v7.01g Hyperref: PDF Unicode definition (HO)
Now handling font encoding PU ...
... no UTF-8 mapping file for font encoding PU
)
Package hyperref Info: Hyper figures OFF on input line 4181.
Package hyperref Info: Link nesting OFF on input line 4186.
Package hyperref Info: Hyper index ON on input line 4189.
Package hyperref Info: Plain pages OFF on input line 4196.
Package hyperref Info: Backreferencing OFF on input line 4201.
Package hyperref Info: Implicit mode ON; LaTeX internals redefined.
Package hyperref Info: Bookmarks ON on input line 4448.
\c@Hy@tempcnt=\count282

(C:\Users\Lenovo\AppData\Local\Programs\MiKTeX\tex/latex/url\url.sty
\Urlmuskip=\muskip17
Package: url 2013/09/16  ver 3.4  Verb mode for urls, etc.
)
LaTeX Info: Redefining \url on input line 4786.
\XeTeXLinkMargin=\dimen166

(C:\Users\Lenovo\AppData\Local\Programs\MiKTeX\tex/generic/bitset\bitset.sty
Package: bitset 2019/12/09 v1.3 Handle bit-vector datatype (HO)

(C:\Users\Lenovo\AppData\Local\Programs\MiKTeX\tex/generic/bigintcalc\bigintcal
c.sty
Package: bigintcalc 2019/12/15 v1.5 Expandable calculations on big integers (HO
)
))
\Fld@menulength=\count283
\Field@Width=\dimen167
\Fld@charsize=\dimen168
Package hyperref Info: Hyper figures OFF on input line 6065.
Package hyperref Info: Link nesting OFF on input line 6070.
Package hyperref Info: Hyper index ON on input line 6073.
Package hyperref Info: backreferencing OFF on input line 6080.
Package hyperref Info: Link coloring OFF on input line 6085.
Package hyperref Info: Link coloring with OCG OFF on input line 6090.
Package hyperref Info: PDF/A mode OFF on input line 6095.

(C:\Users\Lenovo\AppData\Local\Programs\MiKTeX\tex/latex/base\atbegshi-ltx.sty
Package: atbegshi-ltx 2021/01/10 v1.0c Emulation of the original atbegshi
package with kernel methods
)
\Hy@abspage=\count284
\c@Item=\count285
\c@Hfootnote=\count286
)
Package hyperref Info: Driver (autodetected): hpdftex.
 (C:\Users\Lenovo\AppData\Local\Programs\MiKTeX\tex/latex/hyperref\hpdftex.def
File: hpdftex.def 2023-11-26 v7.01g Hyperref driver for pdfTeX

(C:\Users\Lenovo\AppData\Local\Programs\MiKTeX\tex/latex/base\atveryend-ltx.sty
Package: atveryend-ltx 2020/08/19 v1.0a Emulation of the original atveryend pac
kage
with kernel methods
)
\Fld@listcount=\count287
\c@bookmark@seq@number=\count288

(C:\Users\Lenovo\AppData\Local\Programs\MiKTeX\tex/latex/rerunfilecheck\rerunfi
lecheck.sty
Package: rerunfilecheck 2025-06-21 v1.11 Rerun checks for auxiliary files (HO)

(C:\Users\Lenovo\AppData\Local\Programs\MiKTeX\tex/generic/uniquecounter\unique
counter.sty
Package: uniquecounter 2019/12/15 v1.4 Provide unlimited unique counter (HO)
)
Package uniquecounter Info: New unique counter `rerunfilecheck' on input line 2
84.
)
\Hy@SectionHShift=\skip53
)
(C:\Users\Lenovo\AppData\Local\Programs\MiKTeX\tex/latex/caption\caption.sty
Package: caption 2023/08/05 v3.6o Customizing captions (AR)

(C:\Users\Lenovo\AppData\Local\Programs\MiKTeX\tex/latex/caption\caption3.sty
Package: caption3 2023/07/31 v2.4d caption3 kernel (AR)
\caption@tempdima=\dimen169
\captionmargin=\dimen170
\caption@leftmargin=\dimen171
\caption@rightmargin=\dimen172
\caption@width=\dimen173
\caption@indent=\dimen174
\caption@parindent=\dimen175
\caption@hangindent=\dimen176
Package caption Info: Standard document class detected.
)
\c@caption@flags=\count289
\c@continuedfloat=\count290
Package caption Info: hyperref package is loaded.
)
(C:\Users\Lenovo\AppData\Local\Programs\MiKTeX\tex/latex/caption\subcaption.sty
Package: subcaption 2023/07/28 v1.6b Sub-captions (AR)
Package caption Info: New subtype `subfigure' on input line 238.
\c@subfigure=\count291
Package caption Info: New subtype `subtable' on input line 238.
\c@subtable=\count292
)
(C:\Users\Lenovo\AppData\Local\Programs\MiKTeX\tex/latex/geometry\geometry.sty
Package: geometry 2020/01/02 v5.9 Page Geometry

(C:\Users\Lenovo\AppData\Local\Programs\MiKTeX\tex/generic/iftex\ifvtex.sty
Package: ifvtex 2019/10/25 v1.7 ifvtex legacy package. Use iftex instead.
)
\Gm@cnth=\count293
\Gm@cntv=\count294
\c@Gm@tempcnt=\count295
\Gm@bindingoffset=\dimen177
\Gm@wd@mp=\dimen178
\Gm@odd@mp=\dimen179
\Gm@even@mp=\dimen180
\Gm@layoutwidth=\dimen181
\Gm@layoutheight=\dimen182
\Gm@layouthoffset=\dimen183
\Gm@layoutvoffset=\dimen184
\Gm@dimlist=\toks23

(C:\Users\Lenovo\AppData\Local\Programs\MiKTeX\tex/latex/geometry\geometry.cfg)
) (C:\Users\Lenovo\AppData\Local\Programs\MiKTeX\tex/latex/float\float.sty
Package: float 2001/11/08 v1.3d Float enhancements (AL)
\c@float@type=\count296
\float@exts=\toks24
\float@box=\box53
\@float@everytoks=\toks25
\@floatcapt=\box54
)
(C:\Users\Lenovo\AppData\Local\Programs\MiKTeX\tex/latex/tools\longtable.sty
Package: longtable 2023-11-01 v4.19 Multi-page Table package (DPC)
\LTleft=\skip54
\LTright=\skip55
\LTpre=\skip56
\LTpost=\skip57
\LTchunksize=\count297
\LTcapwidth=\dimen185
\LT@head=\box55
\LT@firsthead=\box56
\LT@foot=\box57
\LT@lastfoot=\box58
\LT@gbox=\box59
\LT@cols=\count298
\LT@rows=\count299
\c@LT@tables=\count300
\c@LT@chunks=\count301
\LT@p@ftn=\toks26
)
(C:\Users\Lenovo\AppData\Local\Programs\MiKTeX\tex/latex/enumitem\enumitem.sty
Package: enumitem 2025/02/06 v3.11 Customized lists
\labelindent=\skip58
\enit@outerparindent=\dimen186
\enit@toks=\toks27
\enit@inbox=\box60
\enit@count@id=\count302
\enitdp@description=\count303
)
(C:\Users\Lenovo\AppData\Local\Programs\MiKTeX\tex/latex/microtype\microtype.st
y
Package: microtype 2025/07/09 v3.2b Micro-typographical refinements (RS)
\MT@toks=\toks28
\MT@tempbox=\box61
\MT@count=\count304
LaTeX Info: Redefining \noprotrusionifhmode on input line 1087.
LaTeX Info: Redefining \leftprotrusion on input line 1088.
\MT@prot@toks=\toks29
LaTeX Info: Redefining \rightprotrusion on input line 1107.
LaTeX Info: Redefining \textls on input line 1449.
\MT@outer@kern=\dimen187
LaTeX Info: Redefining \microtypecontext on input line 2053.
LaTeX Info: Redefining \textmicrotypecontext on input line 2070.
\MT@listname@count=\count305

(C:\Users\Lenovo\AppData\Local\Programs\MiKTeX\tex/latex/microtype\microtype-pd
ftex.def
File: microtype-pdftex.def 2025/07/09 v3.2b Definitions specific to pdftex (RS)

LaTeX Info: Redefining \lsstyle on input line 944.
LaTeX Info: Redefining \lslig on input line 944.
\MT@outer@space=\skip59
)
Package microtype Info: Loading configuration file microtype.cfg.

(C:\Users\Lenovo\AppData\Local\Programs\MiKTeX\tex/latex/microtype\microtype.cf
g
File: microtype.cfg 2025/07/09 v3.2b microtype main configuration file (RS)
)
LaTeX Info: Redefining \microtypesetup on input line 3065.
) (C:\Users\Lenovo\AppData\Local\Programs\MiKTeX\tex/latex/natbib\natbib.sty
Package: natbib 2010/09/13 8.31b (PWD, AO)
\bibhang=\skip60
\bibsep=\skip61
LaTeX Info: Redefining \cite on input line 694.
\c@NAT@ctr=\count306
)
(C:\Users\Lenovo\AppData\Local\Programs\MiKTeX\tex/latex/l3backend\l3backend-pd
ftex.def
File: l3backend-pdftex.def 2024-01-04 L3 backend support: PDF output (pdfTeX)
\l__color_backend_stack_int=\count307
\l__pdf_internal_box=\box62
)
No file midsem_report.aux.
\openout1 = `midsem_report.aux'.

LaTeX Font Info:    Checking defaults for OML/cmm/m/it on input line 27.
LaTeX Font Info:    ... okay on input line 27.
LaTeX Font Info:    Checking defaults for OMS/cmsy/m/n on input line 27.
LaTeX Font Info:    ... okay on input line 27.
LaTeX Font Info:    Checking defaults for OT1/cmr/m/n on input line 27.
LaTeX Font Info:    ... okay on input line 27.
LaTeX Font Info:    Checking defaults for T1/cmr/m/n on input line 27.
LaTeX Font Info:    ... okay on input line 27.
LaTeX Font Info:    Checking defaults for TS1/cmr/m/n on input line 27.
LaTeX Font Info:    ... okay on input line 27.
LaTeX Font Info:    Checking defaults for OMX/cmex/m/n on input line 27.
LaTeX Font Info:    ... okay on input line 27.
LaTeX Font Info:    Checking defaults for U/cmr/m/n on input line 27.
LaTeX Font Info:    ... okay on input line 27.
LaTeX Font Info:    Checking defaults for PD1/pdf/m/n on input line 27.
LaTeX Font Info:    ... okay on input line 27.
LaTeX Font Info:    Checking defaults for PU/pdf/m/n on input line 27.
LaTeX Font Info:    ... okay on input line 27.

(C:\Users\Lenovo\AppData\Local\Programs\MiKTeX\tex/context/base/mkii\supp-pdf.m
kii
[Loading MPS to PDF converter (version 2006.09.02).]
\scratchcounter=\count308
\scratchdimen=\dimen188
\scratchbox=\box63
\nofMPsegments=\count309
\nofMParguments=\count310
\everyMPshowfont=\toks30
\MPscratchCnt=\count311
\MPscratchDim=\dimen189
\MPnumerator=\count312
\makeMPintoPDFobject=\count313
\everyMPtoPDFconversion=\toks31
)
(C:\Users\Lenovo\AppData\Local\Programs\MiKTeX\tex/latex/epstopdf-pkg\epstopdf-
base.sty
Package: epstopdf-base 2020-01-24 v2.11 Base part for package epstopdf
Package epstopdf-base Info: Redefining graphics rule for `.eps' on input line 4
85.

(C:\Users\Lenovo\AppData\Local\Programs\MiKTeX\tex/latex/00miktex\epstopdf-sys.
cfg
File: epstopdf-sys.cfg 2021/03/18 v2.0 Configuration of epstopdf for MiKTeX
))
Package hyperref Info: Link coloring OFF on input line 27.
\@outlinefile=\write3
\openout3 = `midsem_report.out'.

Package caption Info: Begin \AtBeginDocument code.
Package caption Info: float package is loaded.
Package caption Info: longtable package is loaded.

(C:\Users\Lenovo\AppData\Local\Programs\MiKTeX\tex/latex/caption\ltcaption.sty
Package: ltcaption 2021/01/08 v1.4c longtable captions (AR)
)
Package caption Info: End \AtBeginDocument code.
*geometry* driver: auto-detecting
*geometry* detected driver: pdftex
*geometry* verbose mode - [ preamble ] result:
* driver: pdftex
* paper: a4paper
* layout: <same size as paper>
* layoutoffset:(h,v)=(0.0pt,0.0pt)
* modes: 
* h-part:(L,W,R)=(72.26999pt, 452.9679pt, 72.26999pt)
* v-part:(T,H,B)=(72.26999pt, 700.50687pt, 72.26999pt)
* \paperwidth=597.50787pt
* \paperheight=845.04684pt
* \textwidth=452.9679pt
* \textheight=700.50687pt
* \oddsidemargin=0.0pt
* \evensidemargin=0.0pt
* \topmargin=-37.0pt
* \headheight=12.0pt
* \headsep=25.0pt
* \topskip=12.0pt
* \footskip=30.0pt
* \marginparwidth=35.0pt
* \marginparsep=10.0pt
* \columnsep=10.0pt
* \skip\footins=10.8pt plus 4.0pt minus 2.0pt
* \hoffset=0.0pt
* \voffset=0.0pt
* \mag=1000
* \@twocolumnfalse
* \@twosidefalse
* \@mparswitchfalse
* \@reversemarginfalse
* (1in=72.27pt=25.4mm, 1cm=28.453pt)

LaTeX Info: Redefining \microtypecontext on input line 27.
Package microtype Info: Applying patch `item' on input line 27.
Package microtype Info: Applying patch `toc' on input line 27.
Package microtype Info: Applying patch `eqnum' on input line 27.
Package microtype Info: Applying patch `footnote' on input line 27.
Package microtype Info: Applying patch `verbatim' on input line 27.
LaTeX Info: Redefining \microtypesetup on input line 27.
Package microtype Info: Generating PDF output.
Package microtype Info: Character protrusion enabled (level 2).
Package microtype Info: Using default protrusion set `alltext'.
Package microtype Info: Automatic font expansion enabled (level 2),
(microtype)             stretch: 20, shrink: 20, step: 1, non-selected.
Package microtype Info: Using default expansion set `alltext-nott'.
Package microtype Info: Patching command `\showhyphens'.
Package microtype Info: No adjustment of tracking.
Package microtype Info: No adjustment of interword spacing.
Package microtype Info: No adjustment of character kerning.
(C:\Users\Lenovo\AppData\Local\Programs\MiKTeX\tex/latex/microtype\mt-cmr.cfg
File: mt-cmr.cfg 2013/05/19 v2.2 microtype config. file: Computer Modern Roman 
(RS)
)
LaTeX Font Info:    Trying to load font information for U+msa on input line 29.


(C:\Users\Lenovo\AppData\Local\Programs\MiKTeX\tex/latex/amsfonts\umsa.fd
File: umsa.fd 2013/01/14 v3.01 AMS symbols A
)
(C:\Users\Lenovo\AppData\Local\Programs\MiKTeX\tex/latex/microtype\mt-msa.cfg
File: mt-msa.cfg 2006/02/04 v1.1 microtype config. file: AMS symbols (a) (RS)
)
LaTeX Font Info:    Trying to load font information for U+msb on input line 29.


(C:\Users\Lenovo\AppData\Local\Programs\MiKTeX\tex/latex/amsfonts\umsb.fd
File: umsb.fd 2013/01/14 v3.01 AMS symbols B
)
(C:\Users\Lenovo\AppData\Local\Programs\MiKTeX\tex/latex/microtype\mt-msb.cfg
File: mt-msb.cfg 2005/06/01 v1.0 microtype config. file: AMS symbols (b) (RS)
)
[1

{C:/Users/Lenovo/AppData/Local/MiKTeX/fonts/map/pdftex/pdftex.map}] [2]
[3]
Overfull \hbox (233.68254pt too wide) in paragraph at lines 123--136
 [][] 
 []


LaTeX Warning: File `pakistan_Tuple30K/plots/pakistan_Tuple30K_trust_trajectori
es.png' not found on input line 145.


! Package pdftex.def Error: File `pakistan_Tuple30K/plots/pakistan_Tuple30K_tru
st_trajectories.png' not found: using draft setting.

See the pdftex.def package documentation for explanation.
Type  H <return>  for immediate help.
 ...                                              
                                                  
l.145 ...pakistan_Tuple30K_trust_trajectories.png}
                                                  
? 

LaTeX Warning: File `pakistan_Tuple30K/plots/pakistan_Tuple30K_loss_curves.png'
 not found on input line 149.


! Package pdftex.def Error: File `pakistan_Tuple30K/plots/pakistan_Tuple30K_los
s_curves.png' not found: using draft setting.

See the pdftex.def package documentation for explanation.
Type  H <return>  for immediate help.
 ...                                              
                                                  
l.149 .../plots/pakistan_Tuple30K_loss_curves.png}
                                                  
? 
[4]

LaTeX Warning: File `pakistan_Tuple30K/plots/pakistan_Tuple30K_classification_m
etrics.png' not found on input line 157.


! Package pdftex.def Error: File `pakistan_Tuple30K/plots/pakistan_Tuple30K_cla
ssification_metrics.png' not found: using draft setting.

See the pdftex.def package documentation for explanation.
Type  H <return>  for immediate help.
 ...                                              
                                                  
l.157 ...stan_Tuple30K_classification_metrics.png}
                                                  
? 

LaTeX Warning: File `pakistan_Tuple30K/plots/pakistan_Tuple30K_protection_analy
sis.png' not found on input line 163.


! Package pdftex.def Error: File `pakistan_Tuple30K/plots/pakistan_Tuple30K_pro
tection_analysis.png' not found: using draft setting.

See the pdftex.def package documentation for explanation.
Type  H <return>  for immediate help.
 ...                                              
                                                  
l.163 ...akistan_Tuple30K_protection_analysis.png}
                                                  
? 
[5]

LaTeX Warning: File `pakistan_Tuple30K/plots/pakistan_Tuple30K_trust_trajectori
es.png' not found on input line 175.


! Package pdftex.def Error: File `pakistan_Tuple30K/plots/pakistan_Tuple30K_tru
st_trajectories.png' not found: using draft setting.

See the pdftex.def package documentation for explanation.
Type  H <return>  for immediate help.
 ...                                              
                                                  
l.175 ...pakistan_Tuple30K_trust_trajectories.png}
                                                  
? 

LaTeX Warning: File `pakistan_Tuple30K/plots/pakistan_Tuple30K_loss_curves.png'
 not found on input line 179.


! Package pdftex.def Error: File `pakistan_Tuple30K/plots/pakistan_Tuple30K_los
s_curves.png' not found: using draft setting.

See the pdftex.def package documentation for explanation.
Type  H <return>  for immediate help.
 ...                                              
                                                  
l.179 .../plots/pakistan_Tuple30K_loss_curves.png}
                                                  
? 

LaTeX Warning: File `pakistan_Tuple30K/plots/pakistan_Tuple30K_classification_m
etrics.png' not found on input line 184.


! Package pdftex.def Error: File `pakistan_Tuple30K/plots/pakistan_Tuple30K_cla
ssification_metrics.png' not found: using draft setting.

See the pdftex.def package documentation for explanation.
Type  H <return>  for immediate help.
 ...                                              
                                                  
l.184 ...stan_Tuple30K_classification_metrics.png}
                                                  
? 

LaTeX Warning: File `pakistan_Tuple30K/plots/pakistan_Tuple30K_confusion_matrix
.png' not found on input line 188.


! Package pdftex.def Error: File `pakistan_Tuple30K/plots/pakistan_Tuple30K_con
fusion_matrix.png' not found: using draft setting.

See the pdftex.def package documentation for explanation.
Type  H <return>  for immediate help.
 ...                                              
                                                  
l.188 ...s/pakistan_Tuple30K_confusion_matrix.png}
                                                  
? 

LaTeX Warning: File `pakistan_Tuple30K/plots/pakistan_Tuple30K_protection_analy
sis.png' not found on input line 192.


! Package pdftex.def Error: File `pakistan_Tuple30K/plots/pakistan_Tuple30K_pro
tection_analysis.png' not found: using draft setting.

See the pdftex.def package documentation for explanation.
Type  H <return>  for immediate help.
 ...                                              
                                                  
l.192 ...akistan_Tuple30K_protection_analysis.png}
                                                  
? 
[6]

LaTeX Warning: File `pakistan_Tuple30K/plots/pakistan_Tuple30K_performance_anal
ysis.png' not found on input line 201.


! Package pdftex.def Error: File `pakistan_Tuple30K/plots/pakistan_Tuple30K_per
formance_analysis.png' not found: using draft setting.

See the pdftex.def package documentation for explanation.
Type  H <return>  for immediate help.
 ...                                              
                                                  
l.201 ...kistan_Tuple30K_performance_analysis.png}
                                                  
? 

LaTeX Warning: File `pakistan_Tuple30K/plots/pakistan_Tuple30K_improvement_anal
ysis.png' not found on input line 205.


! Package pdftex.def Error: File `pakistan_Tuple30K/plots/pakistan_Tuple30K_imp
rovement_analysis.png' not found: using draft setting.

See the pdftex.def package documentation for explanation.
Type  H <return>  for immediate help.
 ...                                              
                                                  
l.205 ...kistan_Tuple30K_improvement_analysis.png}
                                                  
? 
[7]

LaTeX Warning: File `pakistan_Tuple30K/plots/pakistan_Tuple30K_model_comparison
.png' not found on input line 214.


! Package pdftex.def Error: File `pakistan_Tuple30K/plots/pakistan_Tuple30K_mod
el_comparison.png' not found: using draft setting.

See the pdftex.def package documentation for explanation.
Type  H <return>  for immediate help.
 ...                                              
                                                  
l.214 ...s/pakistan_Tuple30K_model_comparison.png}
                                                  
? 

LaTeX Warning: File `pakistan_Tuple30K/plots/pakistan_Tuple30K_phase_comparison
.png' not found on input line 218.


! Package pdftex.def Error: File `pakistan_Tuple30K/plots/pakistan_Tuple30K_pha
se_comparison.png' not found: using draft setting.

See the pdftex.def package documentation for explanation.
Type  H <return>  for immediate help.
 ...                                              
                                                  
l.218 ...s/pakistan_Tuple30K_phase_comparison.png}
                                                  
? 
[8]

LaTeX Warning: File `pakistan_Tuple50K/plots/pakistan_Tuple50K_trust_trajectori
es.png' not found on input line 245.


! Package pdftex.def Error: File `pakistan_Tuple50K/plots/pakistan_Tuple50K_tru
st_trajectories.png' not found: using draft setting.

See the pdftex.def package documentation for explanation.
Type  H <return>  for immediate help.
 ...                                              
                                                  
l.245 ...pakistan_Tuple50K_trust_trajectories.png}
                                                  
? 

LaTeX Warning: File `pakistan_Tuple50K/plots/pakistan_Tuple50K_loss_curves.png'
 not found on input line 249.


! Package pdftex.def Error: File `pakistan_Tuple50K/plots/pakistan_Tuple50K_los
s_curves.png' not found: using draft setting.

See the pdftex.def package documentation for explanation.
Type  H <return>  for immediate help.
 ...                                              
                                                  
l.249 .../plots/pakistan_Tuple50K_loss_curves.png}
                                                  
? 

LaTeX Warning: File `pakistan_Tuple50K/plots/pakistan_Tuple50K_classification_m
etrics.png' not found on input line 254.


! Package pdftex.def Error: File `pakistan_Tuple50K/plots/pakistan_Tuple50K_cla
ssification_metrics.png' not found: using draft setting.

See the pdftex.def package documentation for explanation.
Type  H <return>  for immediate help.
 ...                                              
                                                  
l.254 ...stan_Tuple50K_classification_metrics.png}
                                                  
? 

LaTeX Warning: File `pakistan_Tuple50K/plots/pakistan_Tuple50K_confusion_matrix
.png' not found on input line 258.


! Package pdftex.def Error: File `pakistan_Tuple50K/plots/pakistan_Tuple50K_con
fusion_matrix.png' not found: using draft setting.

See the pdftex.def package documentation for explanation.
Type  H <return>  for immediate help.
 ...                                              
                                                  
l.258 ...s/pakistan_Tuple50K_confusion_matrix.png}
                                                  
? 

LaTeX Warning: File `pakistan_Tuple50K/plots/pakistan_Tuple50K_protection_analy
sis.png' not found on input line 262.


! Package pdftex.def Error: File `pakistan_Tuple50K/plots/pakistan_Tuple50K_pro
tection_analysis.png' not found: using draft setting.

See the pdftex.def package documentation for explanation.
Type  H <return>  for immediate help.
 ...                                              
                                                  
l.262 ...akistan_Tuple50K_protection_analysis.png}
                                                  
? 
[9]

LaTeX Warning: File `pakistan_Tuple100K/plots/pakistan_Tuple100K_trust_trajecto
ries.png' not found on input line 288.


! Package pdftex.def Error: File `pakistan_Tuple100K/plots/pakistan_Tuple100K_t
rust_trajectories.png' not found: using draft setting.

See the pdftex.def package documentation for explanation.
Type  H <return>  for immediate help.
 ...                                              
                                                  
l.288 ...akistan_Tuple100K_trust_trajectories.png}
                                                  
? 

LaTeX Warning: File `pakistan_Tuple100K/plots/pakistan_Tuple100K_loss_curves.pn
g' not found on input line 292.


! Package pdftex.def Error: File `pakistan_Tuple100K/plots/pakistan_Tuple100K_l
oss_curves.png' not found: using draft setting.

See the pdftex.def package documentation for explanation.
Type  H <return>  for immediate help.
 ...                                              
                                                  
l.292 ...plots/pakistan_Tuple100K_loss_curves.png}
                                                  
? 

LaTeX Warning: File `pakistan_Tuple100K/plots/pakistan_Tuple100K_classification
_metrics.png' not found on input line 297.


! Package pdftex.def Error: File `pakistan_Tuple100K/plots/pakistan_Tuple100K_c
lassification_metrics.png' not found: using draft setting.

See the pdftex.def package documentation for explanation.
Type  H <return>  for immediate help.
 ...                                              
                                                  
l.297 ...tan_Tuple100K_classification_metrics.png}
                                                  
? 

LaTeX Warning: File `pakistan_Tuple100K/plots/pakistan_Tuple100K_confusion_matr
ix.png' not found on input line 301.


! Package pdftex.def Error: File `pakistan_Tuple100K/plots/pakistan_Tuple100K_c
onfusion_matrix.png' not found: using draft setting.

See the pdftex.def package documentation for explanation.
Type  H <return>  for immediate help.
 ...                                              
                                                  
l.301 .../pakistan_Tuple100K_confusion_matrix.png}
                                                  
? 

LaTeX Warning: File `pakistan_Tuple100K/plots/pakistan_Tuple100K_protection_ana
lysis.png' not found on input line 305.


! Package pdftex.def Error: File `pakistan_Tuple100K/plots/pakistan_Tuple100K_p
rotection_analysis.png' not found: using draft setting.

See the pdftex.def package documentation for explanation.
Type  H <return>  for immediate help.
 ...                                              
                                                  
l.305 ...kistan_Tuple100K_protection_analysis.png}
                                                  
? 
[10]

LaTeX Warning: File `topo4mec_25N50E/plots/topo4mec_25N50E_trust_trajectories.p
ng' not found on input line 331.


! Package pdftex.def Error: File `topo4mec_25N50E/plots/topo4mec_25N50E_trust_t
rajectories.png' not found: using draft setting.

See the pdftex.def package documentation for explanation.
Type  H <return>  for immediate help.
 ...                                              
                                                  
l.331 ...s/topo4mec_25N50E_trust_trajectories.png}
                                                  
? 

LaTeX Warning: File `topo4mec_25N50E/plots/topo4mec_25N50E_loss_curves.png' not
 found on input line 335.


! Package pdftex.def Error: File `topo4mec_25N50E/plots/topo4mec_25N50E_loss_cu
rves.png' not found: using draft setting.

See the pdftex.def package documentation for explanation.
Type  H <return>  for immediate help.
 ...                                              
                                                  
l.335 ...0E/plots/topo4mec_25N50E_loss_curves.png}
                                                  
? 

LaTeX Warning: File `topo4mec_25N50E/plots/topo4mec_25N50E_classification_metri
cs.png' not found on input line 340.


! Package pdftex.def Error: File `topo4mec_25N50E/plots/topo4mec_25N50E_classif
ication_metrics.png' not found: using draft setting.

See the pdftex.def package documentation for explanation.
Type  H <return>  for immediate help.
 ...                                              
                                                  
l.340 ...po4mec_25N50E_classification_metrics.png}
                                                  
? 

LaTeX Warning: File `topo4mec_25N50E/plots/topo4mec_25N50E_confusion_matrix.png
' not found on input line 344.


! Package pdftex.def Error: File `topo4mec_25N50E/plots/topo4mec_25N50E_confusi
on_matrix.png' not found: using draft setting.

See the pdftex.def package documentation for explanation.
Type  H <return>  for immediate help.
 ...                                              
                                                  
l.344 ...ots/topo4mec_25N50E_confusion_matrix.png}
                                                  
? 

LaTeX Warning: File `topo4mec_25N50E/plots/topo4mec_25N50E_protection_analysis.
png' not found on input line 348.


! Package pdftex.def Error: File `topo4mec_25N50E/plots/topo4mec_25N50E_protect
ion_analysis.png' not found: using draft setting.

See the pdftex.def package documentation for explanation.
Type  H <return>  for immediate help.
 ...                                              
                                                  
l.348 .../topo4mec_25N50E_protection_analysis.png}
                                                  
? 
[11]

LaTeX Warning: File `topo4mec_50N50E/plots/topo4mec_50N50E_trust_trajectories.p
ng' not found on input line 374.


! Package pdftex.def Error: File `topo4mec_50N50E/plots/topo4mec_50N50E_trust_t
rajectories.png' not found: using draft setting.

See the pdftex.def package documentation for explanation.
Type  H <return>  for immediate help.
 ...                                              
                                                  
l.374 ...s/topo4mec_50N50E_trust_trajectories.png}
                                                  
? 

LaTeX Warning: File `topo4mec_50N50E/plots/topo4mec_50N50E_loss_curves.png' not
 found on input line 378.


! Package pdftex.def Error: File `topo4mec_50N50E/plots/topo4mec_50N50E_loss_cu
rves.png' not found: using draft setting.

See the pdftex.def package documentation for explanation.
Type  H <return>  for immediate help.
 ...                                              
                                                  
l.378 ...0E/plots/topo4mec_50N50E_loss_curves.png}
                                                  
? 

LaTeX Warning: File `topo4mec_50N50E/plots/topo4mec_50N50E_classification_metri
cs.png' not found on input line 383.


! Package pdftex.def Error: File `topo4mec_50N50E/plots/topo4mec_50N50E_classif
ication_metrics.png' not found: using draft setting.

See the pdftex.def package documentation for explanation.
Type  H <return>  for immediate help.
 ...                                              
                                                  
l.383 ...po4mec_50N50E_classification_metrics.png}
                                                  
? 

LaTeX Warning: File `topo4mec_50N50E/plots/topo4mec_50N50E_confusion_matrix.png
' not found on input line 387.


! Package pdftex.def Error: File `topo4mec_50N50E/plots/topo4mec_50N50E_confusi
on_matrix.png' not found: using draft setting.

See the pdftex.def package documentation for explanation.
Type  H <return>  for immediate help.
 ...                                              
                                                  
l.387 ...ots/topo4mec_50N50E_confusion_matrix.png}
                                                  
? 

LaTeX Warning: File `topo4mec_50N50E/plots/topo4mec_50N50E_protection_analysis.
png' not found on input line 391.


! Package pdftex.def Error: File `topo4mec_50N50E/plots/topo4mec_50N50E_protect
ion_analysis.png' not found: using draft setting.

See the pdftex.def package documentation for explanation.
Type  H <return>  for immediate help.
 ...                                              
                                                  
l.391 .../topo4mec_50N50E_protection_analysis.png}
                                                  
? 
[12]

LaTeX Warning: File `topo4mec_100N150E/plots/topo4mec_100N150E_trust_trajectori
es.png' not found on input line 417.


! Package pdftex.def Error: File `topo4mec_100N150E/plots/topo4mec_100N150E_tru
st_trajectories.png' not found: using draft setting.

See the pdftex.def package documentation for explanation.
Type  H <return>  for immediate help.
 ...                                              
                                                  
l.417 ...topo4mec_100N150E_trust_trajectories.png}
                                                  
? 

LaTeX Warning: File `topo4mec_100N150E/plots/topo4mec_100N150E_loss_curves.png'
 not found on input line 421.


! Package pdftex.def Error: File `topo4mec_100N150E/plots/topo4mec_100N150E_los
s_curves.png' not found: using draft setting.

See the pdftex.def package documentation for explanation.
Type  H <return>  for immediate help.
 ...                                              
                                                  
l.421 .../plots/topo4mec_100N150E_loss_curves.png}
                                                  
? 

LaTeX Warning: File `topo4mec_100N150E/plots/topo4mec_100N150E_classification_m
etrics.png' not found on input line 426.


! Package pdftex.def Error: File `topo4mec_100N150E/plots/topo4mec_100N150E_cla
ssification_metrics.png' not found: using draft setting.

See the pdftex.def package documentation for explanation.
Type  H <return>  for immediate help.
 ...                                              
                                                  
l.426 ...4mec_100N150E_classification_metrics.png}
                                                  
? 

LaTeX Warning: File `topo4mec_100N150E/plots/topo4mec_100N150E_confusion_matrix
.png' not found on input line 430.


! Package pdftex.def Error: File `topo4mec_100N150E/plots/topo4mec_100N150E_con
fusion_matrix.png' not found: using draft setting.

See the pdftex.def package documentation for explanation.
Type  H <return>  for immediate help.
 ...                                              
                                                  
l.430 ...s/topo4mec_100N150E_confusion_matrix.png}
                                                  
? 

LaTeX Warning: File `topo4mec_100N150E/plots/topo4mec_100N150E_protection_analy
sis.png' not found on input line 434.


! Package pdftex.def Error: File `topo4mec_100N150E/plots/topo4mec_100N150E_pro
tection_analysis.png' not found: using draft setting.

See the pdftex.def package documentation for explanation.
Type  H <return>  for immediate help.
 ...                                              
                                                  
l.434 ...opo4mec_100N150E_protection_analysis.png}
                                                  
? 
[13]

LaTeX Warning: File `topo4mec_MilanCityCenter/plots/topo4mec_MilanCityCenter_tr
ust_trajectories.png' not found on input line 460.


! Package pdftex.def Error: File `topo4mec_MilanCityCenter/plots/topo4mec_Milan
CityCenter_trust_trajectories.png' not found: using draft setting.

See the pdftex.def package documentation for explanation.
Type  H <return>  for immediate help.
 ...                                              
                                                  
l.460 ...c_MilanCityCenter_trust_trajectories.png}
                                                  
? 

LaTeX Warning: File `topo4mec_MilanCityCenter/plots/topo4mec_MilanCityCenter_lo
ss_curves.png' not found on input line 464.


! Package pdftex.def Error: File `topo4mec_MilanCityCenter/plots/topo4mec_Milan
CityCenter_loss_curves.png' not found: using draft setting.

See the pdftex.def package documentation for explanation.
Type  H <return>  for immediate help.
 ...                                              
                                                  
l.464 ...topo4mec_MilanCityCenter_loss_curves.png}
                                                  
? 

LaTeX Warning: File `topo4mec_MilanCityCenter/plots/topo4mec_MilanCityCenter_cl
assification_metrics.png' not found on input line 469.


! Package pdftex.def Error: File `topo4mec_MilanCityCenter/plots/topo4mec_Milan
CityCenter_classification_metrics.png' not found: using draft setting.

See the pdftex.def package documentation for explanation.
Type  H <return>  for immediate help.
 ...                                              
                                                  
l.469 ...lanCityCenter_classification_metrics.png}
                                                  
? 

LaTeX Warning: File `topo4mec_MilanCityCenter/plots/topo4mec_MilanCityCenter_co
nfusion_matrix.png' not found on input line 473.


! Package pdftex.def Error: File `topo4mec_MilanCityCenter/plots/topo4mec_Milan
CityCenter_confusion_matrix.png' not found: using draft setting.

See the pdftex.def package documentation for explanation.
Type  H <return>  for immediate help.
 ...                                              
                                                  
l.473 ...mec_MilanCityCenter_confusion_matrix.png}
                                                  
? 

LaTeX Warning: File `topo4mec_MilanCityCenter/plots/topo4mec_MilanCityCenter_pr
otection_analysis.png' not found on input line 477.


! Package pdftex.def Error: File `topo4mec_MilanCityCenter/plots/topo4mec_Milan
CityCenter_protection_analysis.png' not found: using draft setting.

See the pdftex.def package documentation for explanation.
Type  H <return>  for immediate help.
 ...                                              
                                                  
l.477 ..._MilanCityCenter_protection_analysis.png}
                                                  
? 
[14]
Overfull \hbox (46.6605pt too wide) in paragraph at lines 506--507
[]\OT1/cmr/m/n/12 (-20) Quantitatively, the model com-par-i-son fig-ures in-clu
ded for each dataset (``model[]comparison.png'')
 []

[15]
! Missing $ inserted.
<inserted text> 
                $
l.540 ...esponses to avoid detection. The `attack_
                                                  events_log.csv` records th...

? 

! LaTeX Error: Command \item invalid in math mode.

See the LaTeX manual or LaTeX Companion for explanation.
Type  H <return>  for immediate help.
 ...                                              
                                                  
l.541   \item
              Performance degradation attacks: malicious nodes intentionally...

? 

! LaTeX Error: Something's wrong--perhaps a missing \item.

See the LaTeX manual or LaTeX Companion for explanation.
Type  H <return>  for immediate help.
 ...                                              
                                                  
l.541   \item P
               erformance degradation attacks: malicious nodes intentionally...

? 

! LaTeX Error: Something's wrong--perhaps a missing \item.

See the LaTeX manual or LaTeX Companion for explanation.
Type  H <return>  for immediate help.
 ...                                              
                                                  
l.541   \item P
               erformance degradation attacks: malicious nodes intentionally...

? 

! LaTeX Error: Command \item invalid in math mode.

See the LaTeX manual or LaTeX Companion for explanation.
Type  H <return>  for immediate help.
 ...                                              
                                                  
l.542   \item
              Collusion / ballot-stuffing (simulated): groups of malicious n...

? 
! Missing $ inserted.
<inserted text> 
                $
l.542   \item C
               ollusion / ballot-stuffing (simulated): groups of malicious n...

? 
! Missing } inserted.
<inserted text> 
                }
l.542   \item C
               ollusion / ballot-stuffing (simulated): groups of malicious n...

? 

Overfull \hbox (281.94228pt too wide) in paragraph at lines 540--542
\OT1/cmr/m/n/12 (-20) avoid de-tec-tion. The `attack$[]\OML/cmm/m/it/12 vents[]
og:csv\OT1/cmr/m/n/12 (-20) `\OML/cmm/m/it/12 recordsthetimestampandattacktypef
oreachactivation\OT1/cmr/m/n/12 (-20) ; \OML/cmm/m/it/12 thesimulatorparameter\
OT1/cmr/m/n/12 (-20) `\OML/cmm/m/it/12 attack[]rofile \OT1/cmr/m/n/12 (-20) =[]

 []


Overfull \hbox (925.68848pt too wide) in paragraph at lines 540--542
\OML/cmm/m/it/12 on[]ff[]\OT1/cmr/m/n/12 (-20) `\OML/cmm/m/it/12 controlsfreque
ncyandduration:[][]Performancedegradationattacks \OT1/cmr/m/n/12 (-20) : \OML/c
mm/m/it/12 maliciousnodesintentionallyslowtaskcompletion\OT1/cmr/m/n/12 (-20) (
\OML/cmm/m/it/12 increasedlatency\OT1/cmr/m/n/12 (-20) )\OML/cmm/m/it/12 ; drop
tasksorreturncorruptedresults:Thesemodifythereportedtasksuccessandlatencyattrib
utesusedbythetrustupdater:[][]$ 
 []

! Extra }, or forgotten \endgroup.
\par ...m \@noitemerr {\@@par }\fi \else {\@@par }
                                                  \fi 
l.542   \item C
               ollusion / ballot-stuffing (simulated): groups of malicious n...

? 
[16]
! Missing $ inserted.
<inserted text> 
                $
l.548 ... rapidly; (iii) log the event in `attack_
                                                  events_log.csv` including ...

? 

! LaTeX Error: Command \item invalid in math mode.

See the LaTeX manual or LaTeX Companion for explanation.
Type  H <return>  for immediate help.
 ...                                              
                                                  
l.549   \item
              Offloading decisions use the latest predicted trust scores; ta...

? 

! LaTeX Error: Something's wrong--perhaps a missing \item.

See the LaTeX manual or LaTeX Companion for explanation.
Type  H <return>  for immediate help.
 ...                                              
                                                  
l.549   \item O
               ffloading decisions use the latest predicted trust scores; ta...

? 

! LaTeX Error: Something's wrong--perhaps a missing \item.

See the LaTeX manual or LaTeX Companion for explanation.
Type  H <return>  for immediate help.
 ...                                              
                                                  
l.549   \item O
               ffloading decisions use the latest predicted trust scores; ta...

? 

! LaTeX Error: Command \end{itemize} invalid in math mode.

See the LaTeX manual or LaTeX Companion for explanation.
Type  H <return>  for immediate help.
 ...                                              
                                                  
l.550 \end{itemize}
                   
? 

! LaTeX Error: Something's wrong--perhaps a missing \item.

See the LaTeX manual or LaTeX Companion for explanation.
Type  H <return>  for immediate help.
 ...                                              
                                                  
l.550 \end{itemize}
                   
? 

! LaTeX Error: Something's wrong--perhaps a missing \item.

See the LaTeX manual or LaTeX Companion for explanation.
Type  H <return>  for immediate help.
 ...                                              
                                                  
l.550 \end{itemize}
                   
? 
! Missing $ inserted.
<inserted text> 
                $
l.550 \end{itemize}
                   
? 

Overfull \hbox (451.65659pt too wide) in paragraph at lines 548--551
\OT1/cmr/m/n/12 (-20) the event in `attack$[]\OML/cmm/m/it/12 vents[]og:csv\OT1
/cmr/m/n/12 (-20) `\OML/cmm/m/it/12 includingdetectionandresponsetimestamps:Off
loadingdecisionsusethelatestpredictedtrustscores\OT1/cmr/m/n/12 (-20) ; \OML/cm
m/m/it/12 tasksarepreferentiallyscheduledtohigher \OMS/cmsy/m/n/12 ^^@
 []


Overfull \hbox (161.2998pt too wide) in paragraph at lines 548--551
\OML/cmm/m/it/12 trustnodes:Thisenablesthemeasured\OT1/cmr/m/n/12 (-20) "\OML/c
mm/m/it/12 preventionrate\OT1/cmr/m/n/12 (-20) "\OML/cmm/m/it/12 whencomparedag
ainstabaselinegreedystrategythatignorestrust:$ 
 []

! Missing $ inserted.
<inserted text> 
                $
l.555 ... trust signals: examination of `temporal_
                                                  trust_data` (example excer...

? 

LaTeX Warning: Reference `fig:trust_traj' on page 17 undefined on input line 55
5.

! Missing $ inserted.
<inserted text> 
                $
l.556 
      
? 

Overfull \hbox (21.305pt too wide) in paragraph at lines 555--556
[]\OT1/cmr/m/n/12 (-20) Temporal trust sig-nals: ex-am-i-na-tion of `temporal$[
]\OML/cmm/m/it/12 rust[]ata\OT1/cmr/m/n/12 (-20) `(\OML/cmm/m/it/12 exampleexce
rptsareintheper \OMS/cmsy/m/n/12 ^^@
 []


Overfull \hbox (247.45695pt too wide) in paragraph at lines 555--556
\OML/cmm/m/it/12 datasetJSONfiles\OT1/cmr/m/n/12 (-20) )\OML/cmm/m/it/12 showst
hatmaliciousnodes[]averagetrustdeclinesmarkedlyaftersustainedmaliciousbehaviour
; particularlywhenon \OMS/cmsy/m/n/12 ^^@
 []


Overfull \hbox (38.468pt too wide) in paragraph at lines 555--556
\OML/cmm/m/it/12 offattacksincludelongermaliciouswindows\OT1/cmr/m/n/12 (-20) ;
 \OML/cmm/m/it/12 trusttrajectoriesinFigure []illustratethiseffect:$ 
 []

[17]
No file midsem_report.bbl.

LaTeX Warning: Reference `tab:datasets_summary' on page 18 undefined on input l
ine 571.


Overfull \hbox (31.8232pt too wide) in paragraph at lines 576--589
 [][] 
 []

[18] (midsem_report.aux)
 ***********
LaTeX2e <2023-11-01> patch level 1
L3 programming layer <2024-01-04>
 ***********


LaTeX Warning: There were undefined references.


LaTeX Warning: Label(s) may have changed. Rerun to get cross-references right.


Package rerunfilecheck Warning: File `midsem_report.out' has changed.
(rerunfilecheck)                Rerun to get outlines right
(rerunfilecheck)                or use package `bookmark'.

Package rerunfilecheck Info: Checksums for `midsem_report.out':
(rerunfilecheck)             Before: <no file>
(rerunfilecheck)             After:  C74F6EDFFBBDAAD33084BEC0FFBAE852;7217.
 ) 
Here is how much of TeX's memory you used:
 15791 strings out of 474486
 320921 string characters out of 5743282
 1937542 words of memory out of 5000000
 37702 multiletter control sequences out of 15000+600000
 571872 words of font info for 140 fonts, out of 8000000 for 9000
 1141 hyphenation exceptions out of 8191
 75i,11n,79p,1021b,588s stack positions out of 10000i,1000n,20000p,200000b,200000s
 <C:\Users\Lenovo\AppData\Local\MiKTeX\fonts/pk/ljfour/jknappen/ec/dpi600\tcr
m1200.pk><C:/Users/Lenovo/AppData/Local/Programs/MiKTeX/fonts/type1/public/amsf
onts/cm/cmbx10.pfb><C:/Users/Lenovo/AppData/Local/Programs/MiKTeX/fonts/type1/p
ublic/amsfonts/cm/cmbx12.pfb><C:/Users/Lenovo/AppData/Local/Programs/MiKTeX/fon
ts/type1/public/amsfonts/cm/cmex10.pfb><C:/Users/Lenovo/AppData/Local/Programs/
MiKTeX/fonts/type1/public/amsfonts/cm/cmmi12.pfb><C:/Users/Lenovo/AppData/Local
/Programs/MiKTeX/fonts/type1/public/amsfonts/cm/cmmi8.pfb><C:/Users/Lenovo/AppD
ata/Local/Programs/MiKTeX/fonts/type1/public/amsfonts/cm/cmr10.pfb><C:/Users/Le
novo/AppData/Local/Programs/MiKTeX/fonts/type1/public/amsfonts/cm/cmr12.pfb><C:
/Users/Lenovo/AppData/Local/Programs/MiKTeX/fonts/type1/public/amsfonts/cm/cmr1
7.pfb><C:/Users/Lenovo/AppData/Local/Programs/MiKTeX/fonts/type1/public/amsfont
s/cm/cmr8.pfb><C:/Users/Lenovo/AppData/Local/Programs/MiKTeX/fonts/type1/public
/amsfonts/cm/cmsy10.pfb><C:/Users/Lenovo/AppData/Local/Programs/MiKTeX/fonts/ty
pe1/public/amsfonts/cm/cmsy8.pfb><C:/Users/Lenovo/AppData/Local/Programs/MiKTeX
/fonts/type1/public/amsfonts/cm/cmtt12.pfb><C:/Users/Lenovo/AppData/Local/Progr
ams/MiKTeX/fonts/type1/public/amsfonts/symbols/msbm10.pfb>
Output written on midsem_report.pdf (18 pages, 223262 bytes).
PDF statistics:
 240 PDF objects out of 1000 (max. 8388607)
 89 named destinations out of 1000 (max. 500000)
 33281 words of extra memory for PDF output out of 35830 (max. 10000000)

